// Jest Snapshot v1, https://goo.gl/fbAQLP

exports[`handles fetching all parks: success 1`] = `
Array [
  Object {
    "id": "park1",
  },
  Object {
    "id": "park2",
  },
]
`;

exports[`toggles a park as a favorite: adds favorite 1`] = `
Set {
  "park1",
}
`;

exports[`toggles a park as a favorite: removes favorite 1`] = `Set {}`;
